// Jest Snapshot v1, https://goo.gl/fbAQLP

exports[`should compare structure message from AppBar 1`] = `[Function]`;
